// Vitest Snapshot v1, https://vitest.dev/guide/snapshot.html

exports[`CardComponent > should create the app 1`] = `
<lib-card>
  card-works

  <button
    _ngcontent-a-c1042141038=""
    color="primary"
    mat-button=""
  >
    Render card
  </button>
  <!--bindings={
  "ng-reflect-ng-if": "false"
}-->
</lib-card>
`;
