// Vitest Snapshot v1, https://vitest.dev/guide/snapshot.html

exports[`AppComponent > should create the app 1`] = `
<analogjs-root>
  <analogjs-top-bar
    _nghost-a-c3153525609=""
  >
    <a
      _ngcontent-a-c3153525609=""
      ng-reflect-router-link="/"
      routerlink="/"
    >
      <h1
        _ngcontent-a-c3153525609=""
      >
        My Store
      </h1>
    </a>
    <a
      _ngcontent-a-c3153525609=""
      class="button fancy-button"
      ng-reflect-router-link="/cart"
      routerlink="/cart"
    >
      <i
        _ngcontent-a-c3153525609=""
        class="material-icons"
      >
        shopping_cart
      </i>
      Checkouts

    </a>
  </analogjs-top-bar>
  <div
    class="container"
  >
    <router-outlet />
    <!--container-->
  </div>
</analogjs-root>
`;
